------------------------------------------------------------
Timing Analyzer Summary
------------------------------------------------------------

Type  : Slow 1200mV 85C Model Setup 'clk'
Slack : -3.029
TNS   : -194.106

Type  : Slow 1200mV 85C Model Setup 'divf:u3|clkl'
Slack : -2.656
TNS   : -19.291

Type  : Slow 1200mV 85C Model Setup 'divf:u9|clkl'
Slack : -2.571
TNS   : -17.609

Type  : Slow 1200mV 85C Model Setup 'divf:u2|clkl'
Slack : -2.506
TNS   : -17.818

Type  : Slow 1200mV 85C Model Setup 'divf:u8|clkl'
Slack : -2.465
TNS   : -19.589

Type  : Slow 1200mV 85C Model Setup 'divf:u1|clkl'
Slack : -2.434
TNS   : -18.885

Type  : Slow 1200mV 85C Model Setup 'divf:u7|clkl'
Slack : -2.387
TNS   : -18.278

Type  : Slow 1200mV 85C Model Setup 'divf:u6|clkl'
Slack : -2.375
TNS   : -17.595

Type  : Slow 1200mV 85C Model Setup 'divf:u4|clkl'
Slack : -2.370
TNS   : -18.734

Type  : Slow 1200mV 85C Model Setup 'divf:u5|clkl'
Slack : -2.344
TNS   : -17.562

Type  : Slow 1200mV 85C Model Hold 'clk'
Slack : 0.432
TNS   : 0.000

Type  : Slow 1200mV 85C Model Hold 'divf:u2|clkl'
Slack : 0.639
TNS   : 0.000

Type  : Slow 1200mV 85C Model Hold 'divf:u5|clkl'
Slack : 0.643
TNS   : 0.000

Type  : Slow 1200mV 85C Model Hold 'divf:u3|clkl'
Slack : 0.644
TNS   : 0.000

Type  : Slow 1200mV 85C Model Hold 'divf:u6|clkl'
Slack : 0.644
TNS   : 0.000

Type  : Slow 1200mV 85C Model Hold 'divf:u7|clkl'
Slack : 0.644
TNS   : 0.000

Type  : Slow 1200mV 85C Model Hold 'divf:u8|clkl'
Slack : 0.647
TNS   : 0.000

Type  : Slow 1200mV 85C Model Hold 'divf:u9|clkl'
Slack : 0.651
TNS   : 0.000

Type  : Slow 1200mV 85C Model Hold 'divf:u1|clkl'
Slack : 0.652
TNS   : 0.000

Type  : Slow 1200mV 85C Model Hold 'divf:u4|clkl'
Slack : 0.652
TNS   : 0.000

Type  : Slow 1200mV 85C Model Minimum Pulse Width 'clk'
Slack : -3.000
TNS   : -122.255

Type  : Slow 1200mV 85C Model Minimum Pulse Width 'divf:u1|clkl'
Slack : -1.403
TNS   : -15.433

Type  : Slow 1200mV 85C Model Minimum Pulse Width 'divf:u2|clkl'
Slack : -1.403
TNS   : -15.433

Type  : Slow 1200mV 85C Model Minimum Pulse Width 'divf:u3|clkl'
Slack : -1.403
TNS   : -15.433

Type  : Slow 1200mV 85C Model Minimum Pulse Width 'divf:u4|clkl'
Slack : -1.403
TNS   : -15.433

Type  : Slow 1200mV 85C Model Minimum Pulse Width 'divf:u5|clkl'
Slack : -1.403
TNS   : -15.433

Type  : Slow 1200mV 85C Model Minimum Pulse Width 'divf:u6|clkl'
Slack : -1.403
TNS   : -15.433

Type  : Slow 1200mV 85C Model Minimum Pulse Width 'divf:u7|clkl'
Slack : -1.403
TNS   : -15.433

Type  : Slow 1200mV 85C Model Minimum Pulse Width 'divf:u8|clkl'
Slack : -1.403
TNS   : -15.433

Type  : Slow 1200mV 85C Model Minimum Pulse Width 'divf:u9|clkl'
Slack : -1.403
TNS   : -15.433

Type  : Slow 1200mV 0C Model Setup 'clk'
Slack : -2.738
TNS   : -171.954

Type  : Slow 1200mV 0C Model Setup 'divf:u3|clkl'
Slack : -2.307
TNS   : -16.503

Type  : Slow 1200mV 0C Model Setup 'divf:u9|clkl'
Slack : -2.210
TNS   : -15.120

Type  : Slow 1200mV 0C Model Setup 'divf:u2|clkl'
Slack : -2.166
TNS   : -15.208

Type  : Slow 1200mV 0C Model Setup 'divf:u8|clkl'
Slack : -2.124
TNS   : -16.635

Type  : Slow 1200mV 0C Model Setup 'divf:u1|clkl'
Slack : -2.099
TNS   : -16.023

Type  : Slow 1200mV 0C Model Setup 'divf:u7|clkl'
Slack : -2.064
TNS   : -15.727

Type  : Slow 1200mV 0C Model Setup 'divf:u6|clkl'
Slack : -2.055
TNS   : -15.051

Type  : Slow 1200mV 0C Model Setup 'divf:u4|clkl'
Slack : -2.050
TNS   : -15.847

Type  : Slow 1200mV 0C Model Setup 'divf:u5|clkl'
Slack : -2.012
TNS   : -15.040

Type  : Slow 1200mV 0C Model Hold 'clk'
Slack : 0.398
TNS   : 0.000

Type  : Slow 1200mV 0C Model Hold 'divf:u2|clkl'
Slack : 0.592
TNS   : 0.000

Type  : Slow 1200mV 0C Model Hold 'divf:u3|clkl'
Slack : 0.599
TNS   : 0.000

Type  : Slow 1200mV 0C Model Hold 'divf:u5|clkl'
Slack : 0.599
TNS   : 0.000

Type  : Slow 1200mV 0C Model Hold 'divf:u6|clkl'
Slack : 0.599
TNS   : 0.000

Type  : Slow 1200mV 0C Model Hold 'divf:u7|clkl'
Slack : 0.599
TNS   : 0.000

Type  : Slow 1200mV 0C Model Hold 'divf:u8|clkl'
Slack : 0.599
TNS   : 0.000

Type  : Slow 1200mV 0C Model Hold 'divf:u1|clkl'
Slack : 0.607
TNS   : 0.000

Type  : Slow 1200mV 0C Model Hold 'divf:u4|clkl'
Slack : 0.607
TNS   : 0.000

Type  : Slow 1200mV 0C Model Hold 'divf:u9|clkl'
Slack : 0.607
TNS   : 0.000

Type  : Slow 1200mV 0C Model Minimum Pulse Width 'clk'
Slack : -3.000
TNS   : -122.255

Type  : Slow 1200mV 0C Model Minimum Pulse Width 'divf:u1|clkl'
Slack : -1.403
TNS   : -15.433

Type  : Slow 1200mV 0C Model Minimum Pulse Width 'divf:u2|clkl'
Slack : -1.403
TNS   : -15.433

Type  : Slow 1200mV 0C Model Minimum Pulse Width 'divf:u3|clkl'
Slack : -1.403
TNS   : -15.433

Type  : Slow 1200mV 0C Model Minimum Pulse Width 'divf:u4|clkl'
Slack : -1.403
TNS   : -15.433

Type  : Slow 1200mV 0C Model Minimum Pulse Width 'divf:u5|clkl'
Slack : -1.403
TNS   : -15.433

Type  : Slow 1200mV 0C Model Minimum Pulse Width 'divf:u6|clkl'
Slack : -1.403
TNS   : -15.433

Type  : Slow 1200mV 0C Model Minimum Pulse Width 'divf:u7|clkl'
Slack : -1.403
TNS   : -15.433

Type  : Slow 1200mV 0C Model Minimum Pulse Width 'divf:u8|clkl'
Slack : -1.403
TNS   : -15.433

Type  : Slow 1200mV 0C Model Minimum Pulse Width 'divf:u9|clkl'
Slack : -1.403
TNS   : -15.433

Type  : Fast 1200mV 0C Model Setup 'clk'
Slack : -0.750
TNS   : -35.287

Type  : Fast 1200mV 0C Model Setup 'divf:u9|clkl'
Slack : -0.552
TNS   : -1.555

Type  : Fast 1200mV 0C Model Setup 'divf:u3|clkl'
Slack : -0.471
TNS   : -2.765

Type  : Fast 1200mV 0C Model Setup 'divf:u2|clkl'
Slack : -0.423
TNS   : -1.579

Type  : Fast 1200mV 0C Model Setup 'divf:u8|clkl'
Slack : -0.420
TNS   : -2.067

Type  : Fast 1200mV 0C Model Setup 'divf:u1|clkl'
Slack : -0.408
TNS   : -2.017

Type  : Fast 1200mV 0C Model Setup 'divf:u5|clkl'
Slack : -0.365
TNS   : -1.445

Type  : Fast 1200mV 0C Model Setup 'divf:u7|clkl'
Slack : -0.362
TNS   : -1.657

Type  : Fast 1200mV 0C Model Setup 'divf:u6|clkl'
Slack : -0.358
TNS   : -1.361

Type  : Fast 1200mV 0C Model Setup 'divf:u4|clkl'
Slack : -0.353
TNS   : -2.037

Type  : Fast 1200mV 0C Model Hold 'clk'
Slack : 0.176
TNS   : 0.000

Type  : Fast 1200mV 0C Model Hold 'divf:u9|clkl'
Slack : 0.234
TNS   : 0.000

Type  : Fast 1200mV 0C Model Hold 'divf:u2|clkl'
Slack : 0.247
TNS   : 0.000

Type  : Fast 1200mV 0C Model Hold 'divf:u3|clkl'
Slack : 0.247
TNS   : 0.000

Type  : Fast 1200mV 0C Model Hold 'divf:u5|clkl'
Slack : 0.247
TNS   : 0.000

Type  : Fast 1200mV 0C Model Hold 'divf:u6|clkl'
Slack : 0.247
TNS   : 0.000

Type  : Fast 1200mV 0C Model Hold 'divf:u7|clkl'
Slack : 0.247
TNS   : 0.000

Type  : Fast 1200mV 0C Model Hold 'divf:u8|clkl'
Slack : 0.250
TNS   : 0.000

Type  : Fast 1200mV 0C Model Hold 'divf:u1|clkl'
Slack : 0.251
TNS   : 0.000

Type  : Fast 1200mV 0C Model Hold 'divf:u4|clkl'
Slack : 0.252
TNS   : 0.000

Type  : Fast 1200mV 0C Model Minimum Pulse Width 'clk'
Slack : -3.000
TNS   : -90.651

Type  : Fast 1200mV 0C Model Minimum Pulse Width 'divf:u1|clkl'
Slack : -1.000
TNS   : -11.000

Type  : Fast 1200mV 0C Model Minimum Pulse Width 'divf:u2|clkl'
Slack : -1.000
TNS   : -11.000

Type  : Fast 1200mV 0C Model Minimum Pulse Width 'divf:u3|clkl'
Slack : -1.000
TNS   : -11.000

Type  : Fast 1200mV 0C Model Minimum Pulse Width 'divf:u4|clkl'
Slack : -1.000
TNS   : -11.000

Type  : Fast 1200mV 0C Model Minimum Pulse Width 'divf:u5|clkl'
Slack : -1.000
TNS   : -11.000

Type  : Fast 1200mV 0C Model Minimum Pulse Width 'divf:u6|clkl'
Slack : -1.000
TNS   : -11.000

Type  : Fast 1200mV 0C Model Minimum Pulse Width 'divf:u7|clkl'
Slack : -1.000
TNS   : -11.000

Type  : Fast 1200mV 0C Model Minimum Pulse Width 'divf:u8|clkl'
Slack : -1.000
TNS   : -11.000

Type  : Fast 1200mV 0C Model Minimum Pulse Width 'divf:u9|clkl'
Slack : -1.000
TNS   : -11.000

------------------------------------------------------------
