------------------------------------------------------------
Timing Analyzer Summary
------------------------------------------------------------

Type  : Slow 1200mV 85C Model Setup 'clk'
Slack : -3.746
TNS   : -26.372

Type  : Slow 1200mV 85C Model Setup 'divf:u1|clkl'
Slack : -2.014
TNS   : -16.139

Type  : Slow 1200mV 85C Model Hold 'clk'
Slack : 0.645
TNS   : 0.000

Type  : Slow 1200mV 85C Model Hold 'divf:u1|clkl'
Slack : 0.654
TNS   : 0.000

Type  : Slow 1200mV 85C Model Minimum Pulse Width 'clk'
Slack : -3.000
TNS   : -25.448

Type  : Slow 1200mV 85C Model Minimum Pulse Width 'divf:u1|clkl'
Slack : -1.403
TNS   : -15.433

Type  : Slow 1200mV 0C Model Setup 'clk'
Slack : -3.400
TNS   : -22.750

Type  : Slow 1200mV 0C Model Setup 'divf:u1|clkl'
Slack : -1.755
TNS   : -13.681

Type  : Slow 1200mV 0C Model Hold 'clk'
Slack : 0.597
TNS   : 0.000

Type  : Slow 1200mV 0C Model Hold 'divf:u1|clkl'
Slack : 0.604
TNS   : 0.000

Type  : Slow 1200mV 0C Model Minimum Pulse Width 'clk'
Slack : -3.000
TNS   : -25.448

Type  : Slow 1200mV 0C Model Minimum Pulse Width 'divf:u1|clkl'
Slack : -1.403
TNS   : -15.433

Type  : Fast 1200mV 0C Model Setup 'clk'
Slack : -1.131
TNS   : -2.265

Type  : Fast 1200mV 0C Model Setup 'divf:u1|clkl'
Slack : -0.236
TNS   : -1.093

Type  : Fast 1200mV 0C Model Hold 'clk'
Slack : 0.251
TNS   : 0.000

Type  : Fast 1200mV 0C Model Hold 'divf:u1|clkl'
Slack : 0.254
TNS   : 0.000

Type  : Fast 1200mV 0C Model Minimum Pulse Width 'clk'
Slack : -3.000
TNS   : -19.554

Type  : Fast 1200mV 0C Model Minimum Pulse Width 'divf:u1|clkl'
Slack : -1.000
TNS   : -11.000

------------------------------------------------------------
