------------------------------------------------------------
Timing Analyzer Summary
------------------------------------------------------------

Type  : Slow 1200mV 85C Model Setup 'clk'
Slack : -3.921
TNS   : -33.233

Type  : Slow 1200mV 85C Model Setup 'clkl'
Slack : -2.917
TNS   : -120.491

Type  : Slow 1200mV 85C Model Hold 'clk'
Slack : 0.355
TNS   : 0.000

Type  : Slow 1200mV 85C Model Hold 'clkl'
Slack : 0.646
TNS   : 0.000

Type  : Slow 1200mV 85C Model Minimum Pulse Width 'clk'
Slack : -3.000
TNS   : -29.657

Type  : Slow 1200mV 85C Model Minimum Pulse Width 'clkl'
Slack : -1.403
TNS   : -91.195

Type  : Slow 1200mV 0C Model Setup 'clk'
Slack : -3.574
TNS   : -28.864

Type  : Slow 1200mV 0C Model Setup 'clkl'
Slack : -2.633
TNS   : -103.181

Type  : Slow 1200mV 0C Model Hold 'clk'
Slack : 0.321
TNS   : 0.000

Type  : Slow 1200mV 0C Model Hold 'clkl'
Slack : 0.597
TNS   : 0.000

Type  : Slow 1200mV 0C Model Minimum Pulse Width 'clk'
Slack : -3.000
TNS   : -29.657

Type  : Slow 1200mV 0C Model Minimum Pulse Width 'clkl'
Slack : -1.403
TNS   : -91.195

Type  : Fast 1200mV 0C Model Setup 'clk'
Slack : -1.136
TNS   : -3.768

Type  : Fast 1200mV 0C Model Setup 'clkl'
Slack : -0.619
TNS   : -11.694

Type  : Fast 1200mV 0C Model Hold 'clk'
Slack : 0.152
TNS   : 0.000

Type  : Fast 1200mV 0C Model Hold 'clkl'
Slack : 0.250
TNS   : 0.000

Type  : Fast 1200mV 0C Model Minimum Pulse Width 'clk'
Slack : -3.000
TNS   : -22.721

Type  : Fast 1200mV 0C Model Minimum Pulse Width 'clkl'
Slack : -1.000
TNS   : -65.000

------------------------------------------------------------
